// Vitest Snapshot v1, https://vitest.dev/guide/snapshot.html

exports[`Navigation bar component > renders navigation bar 1`] = `<div />`;
